node.exe : FAIL 
src/__tests__/useMdToPdf.test.tsx
At C:\Users\Gaurav\AppData\Roaming\npm\yar
n.ps1:24 char:5
+     & "node$exe"  
"$basedir/node_modules/yarn/bin/yarn.js" 
$args
+     ~~~~~~~~~~~~~~~~~~~~~~~~~~~~~~~~~~~~
~~~~~~~~~~~~~~~~~~~~~~~~
    + CategoryInfo          : NotSpecifie 
   d: (FAIL src/__tests__/useMdToPdf.tes  
  t.tsx:String) [], RemoteException
    + FullyQualifiedErrorId : NativeComma 
   ndError
 
  ΓùÅ Test suite failed to run

    Incorrect version of 
"react-test-renderer" detected. Expected 
"19.1.0", but found "19.2.4".

    Fix it by running:
    npm install -D 
react-test-renderer@19.1.0

    [0m [90m  6 |[39m [90m */[39m
     [90m  7 |[39m
    [31m[1m>[22m[39m[90m  8 |[39m 
[36mimport[39m { renderHook[33m,[39m 
act } [36mfrom[39m [32m'@testing-librar
y/react-native'[39m[33m;[39m
     [90m    |[39m [31m[1m^[22m[39m
     [90m  9 |[39m [36mimport[39m { 
useMdToPdf } [36mfrom[39m 
[32m'../useMdToPdf'[39m[33m;[39m
     [90m 10 |[39m [36mimport[39m { 
[33mErrorCode[39m } [36mfrom[39m 
[32m'../types'[39m[33m;[39m
     [90m 11 |[39m[0m

      at Object.ensurePeerDeps (node_modul
es/@testing-library/react-native/src/helpe
rs/ensure-peer-deps.ts:36:3)
      at Object.require (node_modules/@tes
ting-library/react-native/src/index.ts:1:1
)
      at Object.require 
(src/__tests__/useMdToPdf.test.tsx:8:1)

Test Suites: 1 failed, 1 total
Tests:       0 total
Snapshots:   0 total
Time:        0.597 s
Ran all test suites matching 
/src\\__tests__\\useMdToPdf.test.tsx/i.
